192.168.1.10 - - [01/Jan/2024:00:00:01 +0000] "GET /nonexistentpage.html HTTP/1.1" 404 150 "-" "Mozilla/5.0 (X11; Linux x86_64)"
192.168.1.10 - - [01/Jan/2024:00:00:02 +0000] "GET /nonexistentpage.html HTTP/1.1" 404 150 "-" "Mozilla/5.0 (X11; Linux x86_64)"
192.168.1.10 - - [01/Jan/2024:00:00:03 +0000] "GET /nonexistentpage.html HTTP/1.1" 404 150 "-" "Mozilla/5.0 (X11; Linux x86_64)"
192.168.1.10 - - [01/Jan/2024:00:00:04 +0000] "GET /nonexistentpage.html HTTP/1.1" 404 150 "-" "Mozilla/5.0 (X11; Linux x86_64)"
192.168.1.10 - - [01/Jan/2024:00:00:05 +0000] "GET /nonexistentpage.html HTTP/1.1" 404 150 "-" "Mozilla/5.0 (X11; Linux x86_64)"
192.168.1.11 - - [01/Jan/2024:00:00:06 +0000] "GET /api/resource HTTP/1.1" 500 200 "-" "curl/7.68.0"
192.168.1.11 - - [01/Jan/2024:00:00:07 +0000] "GET /api/resource HTTP/1.1" 500 200 "-" "curl/7.68.0"
192.168.1.11 - - [01/Jan/2024:00:00:08 +0000] "GET /api/resource HTTP/1.1" 500 200 "-" "curl/7.68.0"
192.168.1.12 - - [01/Jan/2024:00:00:09 +0000] "POST /upload.php HTTP/1.1" 403 180 "-" "Mozilla/5.0 (Windows NT 10.0; Win64; x64)"
192.168.1.12 - - [01/Jan/2024:00:00:10 +0000] "POST /upload.php HTTP/1.1" 403 180 "-" "Mozilla/5.0 (Windows NT 10.0; Win64; x64)"
192.168.1.12 - - [01/Jan/2024:00:00:11 +0000] "POST /upload.php HTTP/1.1" 403 180 "-" "Mozilla/5.0 (Windows NT 10.0; Win64; x64)"
192.168.1.13 - - [01/Jan/2024:00:00:12 +0000] "GET /../../../../etc/passwd HTTP/1.1" 400 220 "-" "Mozilla/5.0 (Macintosh; Intel Mac OS X 10_15_7)"
192.168.1.13 - - [01/Jan/2024:00:00:13 +0000] "GET /../../../../etc/passwd HTTP/1.1" 400 220 "-" "Mozilla/5.0 (Macintosh; Intel Mac OS X 10_15_7)"
192.168.1.14 - - [01/Jan/2024:00:00:14 +0000] "GET /vulnerable.php HTTP/1.1" 502 250 "-" "Mozilla/5.0 (Windows NT 10.0; Win64; x64)"
192.168.1.14 - - [01/Jan/2024:00:00:15 +0000] "GET /vulnerable.php HTTP/1.1" 502 250 "-" "Mozilla/5.0 (Windows NT 10.0; Win64; x64)"
192.168.1.20 - - [01/Jan/2024:00:00:20 +0000] "GET /.env HTTP/1.1" 403 170 "-" "curl/7.81.0"
192.168.1.21 - - [01/Jan/2024:00:00:25 +0000] "GET /.git/config HTTP/1.1" 403 190 "-" "Mozilla/5.0 (Windows NT 10.0; Win64; x64)"
192.168.1.22 - - [01/Jan/2024:00:00:30 +0000] "GET /config.php HTTP/1.1" 403 200 "-" "Mozilla/5.0 (Macintosh; Intel Mac OS X 10_15_7)"
192.168.1.23 - - [01/Jan/2024:00:00:35 +0000] "GET /wp-config.php HTTP/1.1" 403 210 "-" "Wget/1.21"
192.168.1.24 - - [01/Jan/2024:00:00:40 +0000] "GET /etc/passwd HTTP/1.1" 400 220 "-" "curl/7.79.1"
192.168.1.20 - - [01/Jan/2024:00:00:45 +0000] "GET /.env HTTP/1.1" 403 170 "-" "curl/7.81.0"
192.168.1.21 - - [01/Jan/2024:00:00:50 +0000] "GET /.git/config HTTP/1.1" 403 190 "-" "Mozilla/5.0 (Windows NT 10.0; Win64; x64)"
192.168.1.22 - - [01/Jan/2024:00:00:55 +0000] "GET /config.php HTTP/1.1" 403 200 "-" "Mozilla/5.0 (Macintosh; Intel Mac OS X 10_15_7)"
192.168.1.23 - - [01/Jan/2024:00:01:00 +0000] "GET /wp-config.php HTTP/1.1" 403 210 "-" "Wget/1.21"
192.168.1.24 - - [01/Jan/2024:00:01:05 +0000] "GET /etc/passwd HTTP/1.1" 400 220 "-" "curl/7.79.1"
192.168.1.30 - - [01/Jan/2024:00:01:10 +0000] "GET /index.html HTTP/1.1" 200 1200 "http://example.com/" "Mozilla/5.0 (Windows NT 10.0; Win64; x64)"
192.168.1.30 - - [01/Jan/2024:00:01:10 +0000] "GET /index.html HTTP/1.1" 200 1200 "http://example.com/" "Mozilla/5.0 (Windows NT 10.0; Win64; x64)"
192.168.1.30 - - [01/Jan/2024:00:01:10 +0000] "GET /index.html HTTP/1.1" 200 1200 "http://example.com/" "Mozilla/5.0 (Windows NT 10.0; Win64; x64)"
192.168.1.30 - - [01/Jan/2024:00:01:10 +0000] "GET /index.html HTTP/1.1" 200 1200 "http://example.com/" "Mozilla/5.0 (Windows NT 10.0; Win64; x64)"
192.168.1.30 - - [01/Jan/2024:00:01:10 +0000] "GET /index.html HTTP/1.1" 200 1200 "http://example.com/" "Mozilla/5.0 (Windows NT 10.0; Win64; x64)"
192.168.1.30 - - [01/Jan/2024:00:01:10 +0000] "GET /index.html HTTP/1.1" 200 1200 "http://example.com/" "Mozilla/5.0 (Windows NT 10.0; Win64; x64)"
192.168.1.30 - - [01/Jan/2024:00:01:10 +0000] "GET /index.html HTTP/1.1" 200 1200 "http://example.com/" "Mozilla/5.0 (Windows NT 10.0; Win64; x64)"
192.168.1.30 - - [01/Jan/2024:00:01:10 +0000] "GET /index.html HTTP/1.1" 200 1200 "http://example.com/" "Mozilla/5.0 (Windows NT 10.0; Win64; x64)"
192.168.1.30 - - [01/Jan/2024:00:01:10 +0000] "GET /index.html HTTP/1.1" 200 1200 "http://example.com/" "Mozilla/5.0 (Windows NT 10.0; Win64; x64)"
192.168.1.30 - - [01/Jan/2024:00:01:10 +0000] "GET /index.html HTTP/1.1" 200 1200 "http://example.com/" "Mozilla/5.0 (Windows NT 10.0; Win64; x64)"
192.168.1.30 - - [01/Jan/2024:00:01:10 +0000] "GET /index.html HTTP/1.1" 200 1200 "http://example.com/" "Mozilla/5.0 (Windows NT 10.0; Win64; x64)"
192.168.1.30 - - [01/Jan/2024:00:01:10 +0000] "GET /index.html HTTP/1.1" 200 1200 "http://example.com/" "Mozilla/5.0 (Windows NT 10.0; Win64; x64)"
192.168.1.30 - - [01/Jan/2024:00:01:10 +0000] "GET /index.html HTTP/1.1" 200 1200 "http://example.com/" "Mozilla/5.0 (Windows NT 10.0; Win64; x64)"
192.168.1.30 - - [01/Jan/2024:00:01:10 +0000] "GET /index.html HTTP/1.1" 200 1200 "http://example.com/" "Mozilla/5.0 (Windows NT 10.0; Win64; x64)"
192.168.1.30 - - [01/Jan/2024:00:01:10 +0000] "GET /index.html HTTP/1.1" 200 1200 "http://example.com/" "Mozilla/5.0 (Windows NT 10.0; Win64; x64)"
192.168.1.40 - - [01/Jan/2024:00:01:15 +0000] "GET / HTTP/1.1" 200 300 "-" "sqlmap/1.7.2"
192.168.1.41 - - [01/Jan/2024:00:01:20 +0000] "GET /index.php HTTP/1.1" 200 1234 "-" "nmap/7.91"
192.168.1.42 - - [01/Jan/2024:00:01:25 +0000] "GET /robots.txt HTTP/1.1" 200 200 "-" "curl/7.83.0"
192.168.1.43 - - [01/Jan/2024:00:01:30 +0000] "GET /admin/login.php HTTP/1.1" 200 1024 "-" "OWASP ZAP 2.12.0"
192.168.1.44 - - [01/Jan/2024:00:01:35 +0000] "GET / HTTP/1.1" 200 300 "-" "nikto/2.1.6"
192.168.1.40 - - [01/Jan/2024:00:01:40 +0000] "GET / HTTP/1.1" 200 300 "-" "sqlmap/1.7.2"
192.168.1.41 - - [01/Jan/2024:00:01:45 +0000] "GET /index.php HTTP/1.1" 200 1234 "-" "nmap/7.91"
192.168.1.42 - - [01/Jan/2024:00:01:50 +0000] "GET /robots.txt HTTP/1.1" 200 200 "-" "curl/7.83.0"
192.168.1.43 - - [01/Jan/2024:00:01:55 +0000] "GET /admin/login.php HTTP/1.1" 200 1024 "-" "OWASP ZAP 2.12.0"
192.168.1.44 - - [01/Jan/2024:00:02:00 +0000] "GET / HTTP/1.1" 200 300 "-" "nikto/2.1.6"
